test_continuations_preserve_effect_order_and_lazy_branching (test_recursion_boundary.RecursionBoundaryTests.test_continuations_preserve_effect_order_and_lazy_branching) ... ok
test_declared_depth_and_fuel_limits_remain_effective (test_recursion_boundary.RecursionBoundaryTests.test_declared_depth_and_fuel_limits_remain_effective) ... ok
test_g12_evaluation_settles_and_can_admit_recursive_candidate (test_recursion_boundary.RecursionBoundaryTests.test_g12_evaluation_settles_and_can_admit_recursive_candidate) ... ok
test_in_domain_program_keeps_exact_result_and_fuel (test_recursion_boundary.RecursionBoundaryTests.test_in_domain_program_keeps_exact_result_and_fuel) ... ok
test_aliases_are_not_cycles (test_reference.CodecTests.test_aliases_are_not_cycles) ... ok
test_every_production_hash_domain_has_a_named_schema (test_reference.CodecTests.test_every_production_hash_domain_has_a_named_schema) ... ok
test_exact_depth_boundary (test_reference.CodecTests.test_exact_depth_boundary) ... ok
test_frozen_vectors_and_schema_export (test_reference.CodecTests.test_frozen_vectors_and_schema_export) ... ok
test_hostile_values (test_reference.CodecTests.test_hostile_values) ... ok
test_manifest_covers_init_and_detects_added_source (test_reference.CodecTests.test_manifest_covers_init_and_detects_added_source) ... ok
test_noncanonical_wire_forms (test_reference.CodecTests.test_noncanonical_wire_forms) ... ok
test_rationals_are_reduced_and_exact (test_reference.CodecTests.test_rationals_are_reduced_and_exact) ... ok
test_round_trip_and_domain_separation (test_reference.CodecTests.test_round_trip_and_domain_separation) ... ok
test_candidate_cannot_select_easier_scope_or_impersonate_code (test_reference.GroundingTests.test_candidate_cannot_select_easier_scope_or_impersonate_code) ... ok
test_complete_snapshot_preserves_consumption_and_trust_anchor (test_reference.GroundingTests.test_complete_snapshot_preserves_consumption_and_trust_anchor) ... ok
test_controller_budget_boundary (test_reference.GroundingTests.test_controller_budget_boundary) ... ok
test_forged_observation_goal_and_renamed_sample_rejected (test_reference.GroundingTests.test_forged_observation_goal_and_renamed_sample_rejected) ... ok
test_full_chain_and_condensation_formalization_cycle (test_reference.GroundingTests.test_full_chain_and_condensation_formalization_cycle) ... ok
test_hard_episode_limit_and_failed_gate_consumes_assignments (test_reference.GroundingTests.test_hard_episode_limit_and_failed_gate_consumes_assignments) ... ok
test_independent_relation_matches_all_reachable_small_states (test_reference.GroundingTests.test_independent_relation_matches_all_reachable_small_states) ... ok
test_predictions_are_committed_but_not_causal_certificates (test_reference.GroundingTests.test_predictions_are_committed_but_not_causal_certificates) ... ok
test_public_initialization_is_structured_and_total (test_reference.GroundingTests.test_public_initialization_is_structured_and_total) ... ok
test_receipt_order_does_not_change_release_decision (test_reference.GroundingTests.test_receipt_order_does_not_change_release_decision) ... ok
test_receipt_requires_settled_execution_and_training_dedup (test_reference.GroundingTests.test_receipt_requires_settled_execution_and_training_dedup) ... ok
test_release_evidence_stale_after_rollback (test_reference.GroundingTests.test_release_evidence_stale_after_rollback) ... ok
test_resume_after_receipt_before_settlement (test_reference.GroundingTests.test_resume_after_receipt_before_settlement) ... ok
test_trace_teleport_and_hash_chain_reordering (test_reference.GroundingTests.test_trace_teleport_and_hash_chain_reordering) ... ok
test_unknown_execution_is_sealed_and_never_silently_retried (test_reference.GroundingTests.test_unknown_execution_is_sealed_and_never_silently_retried) ... ok
test_visible_reward_does_not_admit_exploit_to_training (test_reference.GroundingTests.test_visible_reward_does_not_admit_exploit_to_training) ... ok
test_wire_boundary_rejects_malformed_requests_without_authority (test_reference.GroundingTests.test_wire_boundary_rejects_malformed_requests_without_authority) ... ok
test_aba_generation_and_active_run_protection (test_reference.KernelTests.test_aba_generation_and_active_run_protection) ... ok
test_completion_is_idempotent_and_conflicts_rejected (test_reference.KernelTests.test_completion_is_idempotent_and_conflicts_rejected) ... ok
test_fence_cannot_be_reused_for_a_later_dispatch (test_reference.KernelTests.test_fence_cannot_be_reused_for_a_later_dispatch) ... ok
test_invariant_is_checked_at_transition_boundary (test_reference.KernelTests.test_invariant_is_checked_at_transition_boundary) ... ok
test_snapshot_forgery_and_rewritten_history_rejected (test_reference.KernelTests.test_snapshot_forgery_and_rewritten_history_rejected) ... ok
test_unknown_has_a_charged_recovery_and_late_output_is_inert (test_reference.KernelTests.test_unknown_has_a_charged_recovery_and_late_output_is_inert) ... ok
test_wrong_principal_and_over_budget_rejected (test_reference.KernelTests.test_wrong_principal_and_over_budget_rejected) ... ok
test_channels_scope_demotion_and_budget (test_reference.KnowledgeTests.test_channels_scope_demotion_and_budget) ... ok
test_same_scope_fact_requires_matching_grounded_assertion (test_reference.KnowledgeTests.test_same_scope_fact_requires_matching_grounded_assertion) ... ok
test_collection_and_record_types (test_reference.LanguageTests.test_collection_and_record_types) ... ok
test_component_output_contract (test_reference.LanguageTests.test_component_output_contract) ... ok
test_decision_probabilities_and_scores (test_reference.LanguageTests.test_decision_probabilities_and_scores) ... ok
test_five_shapes_are_executable (test_reference.LanguageTests.test_five_shapes_are_executable) ... ok
test_fuel_and_recursion_are_bounded (test_reference.LanguageTests.test_fuel_and_recursion_are_bounded) ... ok
test_function_argument_order_is_canonical (test_reference.LanguageTests.test_function_argument_order_is_canonical) ... ok
test_mutation_checks_types_and_trimming_reassigns_calls (test_reference.LanguageTests.test_mutation_checks_types_and_trimming_reassigns_calls) ... ok
test_signature_and_expression_extra_fields_rejected (test_reference.LanguageTests.test_signature_and_expression_extra_fields_rejected) ... ok
test_type_check_precedes_any_effect (test_reference.LanguageTests.test_type_check_precedes_any_effect) ... ok
test_and_or_elimination_and_ex_falso (test_reference.ProofTests.test_and_or_elimination_and_ex_falso) ... ok
test_boolean_does_not_impersonate_certificate_cost (test_reference.ProofTests.test_boolean_does_not_impersonate_certificate_cost) ... ok
test_cannot_escape_assumptions (test_reference.ProofTests.test_cannot_escape_assumptions) ... ok
test_closed_root_and_certificate_recheck (test_reference.ProofTests.test_closed_root_and_certificate_recheck) ... ok
test_cycles_and_wrong_library_rejected (test_reference.ProofTests.test_cycles_and_wrong_library_rejected) ... ok
test_formula_boundary_and_negation_representation (test_reference.ProofTests.test_formula_boundary_and_negation_representation) ... ok
test_indexed_control_matches_decomposition_budget (test_reference.ProofTests.test_indexed_control_matches_decomposition_budget) ... ok
test_shared_library_and_application (test_reference.ProofTests.test_shared_library_and_application) ... ok
test_gain_and_loss_use_different_sample_sizes (test_reference.StatisticsTests.test_gain_and_loss_use_different_sample_sizes) ... ok
test_multiple_strata_gate_really_executes (test_reference.StatisticsTests.test_multiple_strata_gate_really_executes) ... ok
test_nonempty_rejection_regions_have_exact_error_control (test_reference.StatisticsTests.test_nonempty_rejection_regions_have_exact_error_control) ... ok
test_average_gain_cannot_hide_one_level_regression (test_release_14.Release14Tests.test_average_gain_cannot_hide_one_level_regression) ... ok
test_cheaper_failure_and_contract_violation_cannot_pass (test_release_14.Release14Tests.test_cheaper_failure_and_contract_violation_cannot_pass) ... ok
test_cost_is_evaluator_measured_signed_and_not_wire_input (test_release_14.Release14Tests.test_cost_is_evaluator_measured_signed_and_not_wire_input) ... ok
test_direct_depth_boundary_survives_bootstrap_and_prepare (test_release_14.Release14Tests.test_direct_depth_boundary_survives_bootstrap_and_prepare) ... ok
test_equal_cost_different_source_is_not_improvement (test_release_14.Release14Tests.test_equal_cost_different_source_is_not_improvement) ... ok
test_five_maximum_size_programs_remain_encodable (test_release_14.Release14Tests.test_five_maximum_size_programs_remain_encodable) ... ok
test_fuel_only_improvement_with_equal_size_and_actions (test_release_14.Release14Tests.test_fuel_only_improvement_with_equal_size_and_actions) ... ok
test_improve_continues_after_full_success (test_release_14.Release14Tests.test_improve_continues_after_full_success) ... ok
test_lower_action_count_cannot_hide_higher_fuel (test_release_14.Release14Tests.test_lower_action_count_cannot_hide_higher_fuel) ... ok
test_retain_keeps_absolute_success_and_previous_cost_semantics (test_release_14.Release14Tests.test_retain_keeps_absolute_success_and_previous_cost_semantics) ... ok
test_size_only_improvement (test_release_14.Release14Tests.test_size_only_improvement) ... ok
test_snapshot_requires_canonical_program_text_and_matching_id (test_release_14.Release14Tests.test_snapshot_requires_canonical_program_text_and_matching_id) ... ok
test_snapshot_with_all_tickets_steps_and_training_records (test_release_14.Release14Tests.test_snapshot_with_all_tickets_steps_and_training_records) ... ok
test_trim_preserves_ast_shaped_literals_in_records_and_lists (test_release_14.Release14Tests.test_trim_preserves_ast_shaped_literals_in_records_and_lists) ... ok
test_trim_rebinds_nested_calls_but_keeps_builtin_names (test_release_14.Release14Tests.test_trim_rebinds_nested_calls_but_keeps_builtin_names) ... ok
test_wire_depth_boundary_stays_encodable_through_release (test_release_14.Release14Tests.test_wire_depth_boundary_stays_encodable_through_release) ... ok
test_alpha_names_preserve_calls_parameters_and_shadowing (test_release_15.Release15Tests.test_alpha_names_preserve_calls_parameters_and_shadowing) ... ok
test_alpha_normalization_leaves_literal_code_lookalikes_opaque (test_release_15.Release15Tests.test_alpha_normalization_leaves_literal_code_lookalikes_opaque) ... ok
test_alpha_rename_cannot_be_a_cost_improvement (test_release_15.Release15Tests.test_alpha_rename_cannot_be_a_cost_improvement) ... ok
test_competing_restores_have_exactly_one_owner (test_release_15.Release15Tests.test_competing_restores_have_exactly_one_owner) ... ok
test_completed_plans_keep_the_documented_lifetime_limit (test_release_15.Release15Tests.test_completed_plans_keep_the_documented_lifetime_limit) ... ok
test_equal_principals_are_rejected_by_low_level_mission (test_release_15.Release15Tests.test_equal_principals_are_rejected_by_low_level_mission) ... ok
test_invalid_service_registry_is_rejected_before_effects (test_release_15.Release15Tests.test_invalid_service_registry_is_rejected_before_effects) ... ok
test_old_snapshot_cannot_repeat_an_admission (test_release_15.Release15Tests.test_old_snapshot_cannot_repeat_an_admission) ... ok
test_open_recovers_commit_without_a_new_client_side_anchor (test_release_15.Release15Tests.test_open_recovers_commit_without_a_new_client_side_anchor) ... ok
test_outer_wire_rejection_does_not_advance_durable_checkpoint (test_release_15.Release15Tests.test_outer_wire_rejection_does_not_advance_durable_checkpoint) ... ok
test_restore_claim_is_single_use_even_when_blob_has_not_changed (test_release_15.Release15Tests.test_restore_claim_is_single_use_even_when_blob_has_not_changed) ... ok
test_same_conjunction_fragment_and_budget_for_both_searches (test_release_15.Release15Tests.test_same_conjunction_fragment_and_budget_for_both_searches) ... ok
test_shared_ast_nodes_are_normalized_per_lexical_occurrence (test_release_15.Release15Tests.test_shared_ast_nodes_are_normalized_per_lexical_occurrence) ... ok
test_snapshot_integrity_and_root_authority_remain_required (test_release_15.Release15Tests.test_snapshot_integrity_and_root_authority_remain_required) ... ok
test_uncertain_operation_blocks_automatic_retry_after_reopen (test_release_15.Release15Tests.test_uncertain_operation_blocks_automatic_retry_after_reopen) ... ok
test_a1_inherited_guarantee_is_measured_for_release_and_training (test_threat_audit.ThreatAuditTests.test_a1_inherited_guarantee_is_measured_for_release_and_training) ... ok
test_a1_root_floor_cannot_replace_published_parent_guarantee (test_threat_audit.ThreatAuditTests.test_a1_root_floor_cannot_replace_published_parent_guarantee) ... ok
test_a2_parent_outcome_cannot_be_claimed_by_candidate (test_threat_audit.ThreatAuditTests.test_a2_parent_outcome_cannot_be_claimed_by_candidate) ... ok
test_a2_zero_capability_never_passes_retain_or_a_chain (test_threat_audit.ThreatAuditTests.test_a2_zero_capability_never_passes_retain_or_a_chain) ... ok
test_a3_delivery_verdict_is_not_used_as_evaluation (test_threat_audit.ThreatAuditTests.test_a3_delivery_verdict_is_not_used_as_evaluation) ... ok
test_a3_observer_key_cannot_issue_an_evaluator_attestation (test_threat_audit.ThreatAuditTests.test_a3_observer_key_cannot_issue_an_evaluator_attestation) ... ok
test_a3_wrong_program_cannot_ride_a_real_successful_execution (test_threat_audit.ThreatAuditTests.test_a3_wrong_program_cannot_ride_a_real_successful_execution) ... ok
test_a4_text_cannot_be_promoted_into_a_control_command (test_threat_audit.ThreatAuditTests.test_a4_text_cannot_be_promoted_into_a_control_command) ... ok
test_a5_malformed_report_does_not_poison_valid_evidence (test_threat_audit.ThreatAuditTests.test_a5_malformed_report_does_not_poison_valid_evidence) ... ok
test_proposal_and_audit_budgets_are_explicit_and_persistent (test_threat_audit.ThreatAuditTests.test_proposal_and_audit_budgets_are_explicit_and_persistent) ... ok
test_synthetic_label_cannot_create_observation_authority (test_threat_audit.ThreatAuditTests.test_synthetic_label_cannot_create_observation_authority) ... ok
test_verified_fact_cannot_smuggle_opposite_prose_or_features (test_threat_audit.ThreatAuditTests.test_verified_fact_cannot_smuggle_opposite_prose_or_features) ... ok

----------------------------------------------------------------------
Ran 102 tests in 46.815s

OK
